RAM Allocation [bytes]
Variable                                                                          Address   Size
------------------------------------------------------------------------------------------------
str                                                                               0x0184       6
_base_y                                                                           0x018A       4

EEPROM Allocation [bytes]
Variable                                                                          Address   Size
------------------------------------------------------------------------------------------------

Register Allocation
Variable                                                                          Register  Size
------------------------------------------------------------------------------------------------
h                                                                                 R4,R5        2
m                                                                                 R6,R7        2
s                                                                                 R8,R9        2
_lcd_x                                                                            R11          1
_lcd_y                                                                            R10          1
_lcd_maxx                                                                         R13          1

FLASH Allocation [words]
Function                                                                          Address   Size
------------------------------------------------------------------------------------------------
timer1_ovf_isr                                                                    0x0008F     50
main                                                                              0x000C1    152
_lcd_write_nibble_G100                                                            0x00159     20
_lcd_write_data                                                                   0x0016D     12
lcd_gotoxy                                                                        0x00179     13
lcd_clear                                                                         0x00186     12
lcd_putchar                                                                       0x00192     21
lcd_puts                                                                          0x001A7     17
lcd_init                                                                          0x001B8     46
put_buff_G101                                                                     0x001E6     64
_print_G101                                                                       0x00226    308
sprintf                                                                           0x0035A     52
strlen                                                                            0x0038E     12
strlenf                                                                           0x0039A     13
